---
source: exercises/02_snapshots/02_storage_location/src/lib.rs
expression: m
snapshot_kind: text
---
The new value I want to save
